// Vitest Snapshot v1, https://vitest.dev/guide/snapshot.html

exports[`functional:reporters/FancyReporter > should write to \`logger.stderr\` (0) 1`] = `
" ERROR  This is an example error. Everything is fine!            [12:00:00 AM]

  at /__fixtures__/error.mts:21:22
  at VitestExecutor.runModule (node_modules/vite-node/dist/client.mjs:399:5)
  at VitestExecutor.directRequest (node_modules/vite-node/dist/client.mjs:381:5)
  at VitestExecutor.cachedRequest (node_modules/vite-node/dist/client.mjs:206:14)
  at VitestExecutor.dependencyRequest (node_modules/vite-node/dist/client.mjs:259:12)
  at /src/reporters/__tests__/fancy.reporter.functional.spec.mts:9:1
  at VitestExecutor.runModule (node_modules/vite-node/dist/client.mjs:399:5)
  at VitestExecutor.directRequest (node_modules/vite-node/dist/client.mjs:381:5)
  at VitestExecutor.cachedRequest (node_modules/vite-node/dist/client.mjs:206:14)
  at VitestExecutor.executeId (node_modules/vite-node/dist/client.mjs:173:12)

"
`;

exports[`functional:reporters/FancyReporter > should write to \`logger.stderr\` (1) 1`] = `
" FATAL  This is an example error. Everything is fine!

  at /__fixtures__/error.mts:21:22
  at VitestExecutor.runModule (node_modules/vite-node/dist/client.mjs:399:5)
  at VitestExecutor.directRequest (node_modules/vite-node/dist/client.mjs:381:5)
  at VitestExecutor.cachedRequest (node_modules/vite-node/dist/client.mjs:206:14)
  at VitestExecutor.dependencyRequest (node_modules/vite-node/dist/client.mjs:259:12)
  at /src/reporters/__tests__/fancy.reporter.functional.spec.mts:9:1
  at VitestExecutor.runModule (node_modules/vite-node/dist/client.mjs:399:5)
  at VitestExecutor.directRequest (node_modules/vite-node/dist/client.mjs:381:5)
  at VitestExecutor.cachedRequest (node_modules/vite-node/dist/client.mjs:206:14)
  at VitestExecutor.executeId (node_modules/vite-node/dist/client.mjs:173:12)

"
`;

exports[`functional:reporters/FancyReporter > should write to \`logger.stderr\` (2) 1`] = `
"✖ This is an example error. Everything is fine!

  at /__fixtures__/error.mts:21:22
  at VitestExecutor.runModule (node_modules/vite-node/dist/client.mjs:399:5)
  at VitestExecutor.directRequest (node_modules/vite-node/dist/client.mjs:381:5)
  at VitestExecutor.cachedRequest (node_modules/vite-node/dist/client.mjs:206:14)
  at VitestExecutor.dependencyRequest (node_modules/vite-node/dist/client.mjs:259:12)
  at /src/reporters/__tests__/fancy.reporter.functional.spec.mts:9:1
  at VitestExecutor.runModule (node_modules/vite-node/dist/client.mjs:399:5)
  at VitestExecutor.directRequest (node_modules/vite-node/dist/client.mjs:381:5)
  at VitestExecutor.cachedRequest (node_modules/vite-node/dist/client.mjs:206:14)
  at VitestExecutor.executeId (node_modules/vite-node/dist/client.mjs:173:12)

"
`;

exports[`functional:reporters/FancyReporter > should write to \`logger.stderr\` (3) 1`] = `
"▲ [1m[33m[mkbuild:esbuild][39m[22m This "import" expression will not be bundled because the argument is not a string literal
    [90msrc/utils/load-build-config.mts[39m[90m:96:18:[39m
      [90m96 |[39m    [2m[33m: (await import(url.href) as { default?: Config | null }).default[39m[22m
"
`;

exports[`functional:reporters/FancyReporter > should write to \`logger.stdout\` (0) 1`] = `"⚙ [mkbuild:dts] paths option is specified, looking for a pattern to match module name '#interfaces/index'."`;

exports[`functional:reporters/FancyReporter > should write to \`logger.stdout\` (1) 1`] = `
"❌ This is an example error. Everything is fine!

   at /__fixtures__/error.mts:21:22
   at VitestExecutor.runModule (node_modules/vite-node/dist/client.mjs:399:5)
   at VitestExecutor.directRequest (node_modules/vite-node/dist/client.mjs:381:5)
   at VitestExecutor.cachedRequest (node_modules/vite-node/dist/client.mjs:206:14)
   at VitestExecutor.dependencyRequest (node_modules/vite-node/dist/client.mjs:259:12)
   at /src/reporters/__tests__/fancy.reporter.functional.spec.mts:9:1
   at VitestExecutor.runModule (node_modules/vite-node/dist/client.mjs:399:5)
   at VitestExecutor.directRequest (node_modules/vite-node/dist/client.mjs:381:5)
   at VitestExecutor.cachedRequest (node_modules/vite-node/dist/client.mjs:206:14)
   at VitestExecutor.executeId (node_modules/vite-node/dist/client.mjs:173:12)

"
`;

exports[`functional:reporters/FancyReporter > should write to \`logger.stdout\` (2) 1`] = `"ℹ Using @flex-development/mkbuild@1.0.0-alpha.24"`;

exports[`functional:reporters/FancyReporter > should write to \`logger.stdout\` (3) 1`] = `"inspect 🥸"`;

exports[`functional:reporters/FancyReporter > should write to \`logger.stdout\` (4) 1`] = `" INSPECT  🤓"`;

exports[`functional:reporters/FancyReporter > should write to \`logger.stdout\` (5) 1`] = `"hello world! 🌎"`;

exports[`functional:reporters/FancyReporter > should write to \`logger.stdout\` (6) 1`] = `"[grease:bump] premajor"`;

exports[`functional:reporters/FancyReporter > should write to \`logger.stdout\` (7) 1`] = `
"▲ [1m[33m[mkbuild:esbuild][39m[22m This "import" expression will not be bundled because the argument is not a string literal
    [90msrc/utils/load-build-config.mts[39m[90m:96:18:[39m
      [90m96 |[39m    [2m[33m: (await import(url.href) as { default?: Config | null }).default[39m[22m
"
`;

exports[`functional:reporters/FancyReporter > should write to \`logger.stdout\` (8) 1`] = `"✔ Ready to build project 👍🏾"`;

exports[`functional:reporters/FancyReporter > should write to \`logger.stdout\` (9) 1`] = `"◐ Building project..."`;

exports[`functional:reporters/FancyReporter > should write to \`logger.stdout\` (10) 1`] = `"✔ Deployed project to production environment 🚀"`;

exports[`functional:reporters/FancyReporter > should write to \`logger.stdout\` (11) 1`] = `"→ [mkbuild:dts] Exiting conditional exports."`;

exports[`functional:reporters/FancyReporter > should write to \`logger.stdout\` (12) 1`] = `"verbose [mkbuild:dts] Matched imports condition 'log'."`;

exports[`functional:reporters/FancyReporter > should write to \`logger.stdout\` (13) 1`] = `" VERBOSE  [mkbuild:dts] Using imports subpath '#types/*' with target './src/types/index.mts'."`;
