// Vitest Snapshot v1, https://vitest.dev/guide/snapshot.html

exports[`functional:lib/createLogger > <type> > should send info to reporters (0) 1`] = `
{
  "args": [
    "This is an example error. Everything is fine!",
  ],
  "level": 3,
  "stack": "",
  "type": "fail",
}
`;

exports[`functional:lib/createLogger > <type> > should send info to reporters (1) 1`] = `
{
  "args": [
    "Building...",
  ],
  "level": 3,
  "type": "info",
}
`;

exports[`functional:lib/createLogger > <type> > should send info to reporters (2) 1`] = `
{
  "args": [
    "hello",
    "world",
  ],
  "level": 2,
  "type": "log",
}
`;

exports[`functional:lib/createLogger > <type> > should send info to reporters (3) 1`] = `
{
  "args": [
    "Building %s",
    "@flex-development/log",
  ],
  "level": 3,
  "type": "start",
}
`;

exports[`functional:lib/createLogger > <type> > should send info to reporters (4) 1`] = `
{
  "additional": [
    "",
    "  tsconfig.build.json",
  ],
  "args": [
    "%s Compiler option 'sourceMap' requires a value of type boolean",
    "[mkbuild:dts]",
  ],
  "level": 999,
  "type": "warn",
}
`;
